[2026-03-03 22:45:12] INFO {
    "uid": null,
    "title": "réunions",
    "description": "Les Monteurs associés se réunissent chaque premier mercredi du mois en soirée, sauf exceptions, de septembre à juin, à la cafétéria de la Fémis (6 rue Francœur, 75018 Paris).\n\nVous trouverez sur cette page nos réunions passées ainsi que leurs comptes rendus lorsqu'ils existent."
}
[2026-03-03 22:45:12] INFO {
    "uid": null,
    "title": "comptes rendus",
    "description": ""
}
[2026-03-03 22:45:12] INFO {
    "uid": null,
    "title": "ciné-club",
    "description": "LES MONTEURS DÉ-MONTENT\n\nDepuis 2016, le ciné-club des Monteurs associés propose une rencontre trimestrielle avec un invité (scénariste, réalisateur, monteur, critique...), qui vient nous parler d'un film qui a particulièrement marqué son parcours et sa réflexion sur le montage au cinéma.\n\nCes séances sont une belle occasion de découvrir un film, mais aussi la pensée et le regard d'une personnalité sur notre métier."
}
[2026-03-03 22:45:12] INFO {
    "uid": null,
    "title": "événements",
    "description": ""
}
[2026-03-03 22:45:12] INFO {
    "uid": null,
    "title": "vie professionnelle",
    "description": ""
}
[2026-03-03 22:45:12] INFO {
    "uid": null,
    "title": "communiqués",
    "description": ""
}
[2026-03-03 22:51:07] INFO {
    "title": "réunions",
    "description": "Les Monteurs associés se réunissent chaque premier mercredi du mois en soirée, sauf exceptions, de septembre à juin, à la cafétéria de la Fémis (6 rue Francœur, 75018 Paris).\n\nVous trouverez sur cette page nos réunions passées ainsi que leurs comptes rendus lorsqu'ils existent.",
    "uid": null
}
[2026-03-03 22:51:07] INFO {
    "title": "comptes rendus",
    "description": "",
    "uid": null
}
[2026-03-03 22:51:07] INFO {
    "title": "ciné-club",
    "description": "LES MONTEURS DÉ-MONTENT\n\nDepuis 2016, le ciné-club des Monteurs associés propose une rencontre trimestrielle avec un invité (scénariste, réalisateur, monteur, critique...), qui vient nous parler d'un film qui a particulièrement marqué son parcours et sa réflexion sur le montage au cinéma.\n\nCes séances sont une belle occasion de découvrir un film, mais aussi la pensée et le regard d'une personnalité sur notre métier.",
    "uid": null
}
[2026-03-03 22:51:07] INFO {
    "title": "événements",
    "description": "",
    "uid": null
}
[2026-03-03 22:51:07] INFO {
    "title": "vie professionnelle",
    "description": "",
    "uid": null
}
[2026-03-03 22:51:07] INFO {
    "title": "communiqués",
    "description": "",
    "uid": null
}
[2026-03-03 22:51:18] INFO {
    "title": "réunions",
    "description": "Les Monteurs associés se réunissent chaque premier mercredi du mois en soirée, sauf exceptions, de septembre à juin, à la cafétéria de la Fémis (6 rue Francœur, 75018 Paris).\n\nVous trouverez sur cette page nos réunions passées ainsi que leurs comptes rendus lorsqu'ils existent.",
    "uid": null
}
[2026-03-03 22:51:18] INFO {
    "title": "comptes rendus",
    "description": "",
    "uid": null
}
[2026-03-03 22:51:18] INFO {
    "title": "ciné-club",
    "description": "LES MONTEURS DÉ-MONTENT\n\nDepuis 2016, le ciné-club des Monteurs associés propose une rencontre trimestrielle avec un invité (scénariste, réalisateur, monteur, critique...), qui vient nous parler d'un film qui a particulièrement marqué son parcours et sa réflexion sur le montage au cinéma.\n\nCes séances sont une belle occasion de découvrir un film, mais aussi la pensée et le regard d'une personnalité sur notre métier.",
    "uid": null
}
[2026-03-03 22:51:18] INFO {
    "title": "événements",
    "description": "",
    "uid": null
}
[2026-03-03 22:51:18] INFO {
    "title": "vie professionnelle",
    "description": "",
    "uid": null
}
[2026-03-03 22:51:18] INFO {
    "title": "communiqués",
    "description": "",
    "uid": null
}
[2026-03-03 22:51:26] INFO {
    "title": "réunions",
    "description": "Les Monteurs associés se réunissent chaque premier mercredi du mois en soirée, sauf exceptions, de septembre à juin, à la cafétéria de la Fémis (6 rue Francœur, 75018 Paris).\n\nVous trouverez sur cette page nos réunions passées ainsi que leurs comptes rendus lorsqu'ils existent.",
    "uid": null,
    "uuid": "lma://sx6babvlwkj6zdna"
}
[2026-03-03 22:51:26] INFO {
    "title": "comptes rendus",
    "description": "",
    "uid": null,
    "uuid": "lma://xvp3hyy4xzs5cyyk"
}
[2026-03-03 22:51:26] INFO {
    "title": "ciné-club",
    "description": "LES MONTEURS DÉ-MONTENT\n\nDepuis 2016, le ciné-club des Monteurs associés propose une rencontre trimestrielle avec un invité (scénariste, réalisateur, monteur, critique...), qui vient nous parler d'un film qui a particulièrement marqué son parcours et sa réflexion sur le montage au cinéma.\n\nCes séances sont une belle occasion de découvrir un film, mais aussi la pensée et le regard d'une personnalité sur notre métier.",
    "uid": null,
    "uuid": "lma://hvefmpe1vxor5nkn"
}
[2026-03-03 22:51:26] INFO {
    "title": "événements",
    "description": "",
    "uid": null,
    "uuid": "lma://vizwpaiuwftryc1h"
}
[2026-03-03 22:51:26] INFO {
    "title": "vie professionnelle",
    "description": "",
    "uid": null,
    "uuid": "lma://xicx4h64zrrerldg"
}
[2026-03-03 22:51:26] INFO {
    "title": "communiqués",
    "description": "",
    "uid": null,
    "uuid": "lma://spclkp4lxiljibnz"
}
[2026-03-03 22:51:29] INFO {
    "title": "réunions",
    "description": "Les Monteurs associés se réunissent chaque premier mercredi du mois en soirée, sauf exceptions, de septembre à juin, à la cafétéria de la Fémis (6 rue Francœur, 75018 Paris).\n\nVous trouverez sur cette page nos réunions passées ainsi que leurs comptes rendus lorsqu'ils existent.",
    "uid": null,
    "uuid": "lma://sx6babvlwkj6zdna"
}
[2026-03-03 22:51:29] INFO {
    "title": "comptes rendus",
    "description": "",
    "uid": null,
    "uuid": "lma://xvp3hyy4xzs5cyyk"
}
[2026-03-03 22:51:29] INFO {
    "title": "ciné-club",
    "description": "LES MONTEURS DÉ-MONTENT\n\nDepuis 2016, le ciné-club des Monteurs associés propose une rencontre trimestrielle avec un invité (scénariste, réalisateur, monteur, critique...), qui vient nous parler d'un film qui a particulièrement marqué son parcours et sa réflexion sur le montage au cinéma.\n\nCes séances sont une belle occasion de découvrir un film, mais aussi la pensée et le regard d'une personnalité sur notre métier.",
    "uid": null,
    "uuid": "lma://hvefmpe1vxor5nkn"
}
[2026-03-03 22:51:29] INFO {
    "title": "événements",
    "description": "",
    "uid": null,
    "uuid": "lma://vizwpaiuwftryc1h"
}
[2026-03-03 22:51:29] INFO {
    "title": "vie professionnelle",
    "description": "",
    "uid": null,
    "uuid": "lma://xicx4h64zrrerldg"
}
[2026-03-03 22:51:29] INFO {
    "title": "communiqués",
    "description": "",
    "uid": null,
    "uuid": "lma://spclkp4lxiljibnz"
}
[2026-03-03 22:51:39] INFO {
    "title": "réunions",
    "description": "Les Monteurs associés se réunissent chaque premier mercredi du mois en soirée, sauf exceptions, de septembre à juin, à la cafétéria de la Fémis (6 rue Francœur, 75018 Paris).\n\nVous trouverez sur cette page nos réunions passées ainsi que leurs comptes rendus lorsqu'ils existent."
}
[2026-03-03 22:51:39] INFO {
    "title": "comptes rendus",
    "description": "",
    "uid": null,
    "uuid": "lma://xvp3hyy4xzs5cyyk"
}
[2026-03-03 22:51:39] INFO {
    "title": "ciné-club",
    "description": "LES MONTEURS DÉ-MONTENT\n\nDepuis 2016, le ciné-club des Monteurs associés propose une rencontre trimestrielle avec un invité (scénariste, réalisateur, monteur, critique...), qui vient nous parler d'un film qui a particulièrement marqué son parcours et sa réflexion sur le montage au cinéma.\n\nCes séances sont une belle occasion de découvrir un film, mais aussi la pensée et le regard d'une personnalité sur notre métier.",
    "uid": null,
    "uuid": "lma://hvefmpe1vxor5nkn"
}
[2026-03-03 22:51:39] INFO {
    "title": "événements",
    "description": "",
    "uid": null,
    "uuid": "lma://vizwpaiuwftryc1h"
}
[2026-03-03 22:51:39] INFO {
    "title": "vie professionnelle",
    "description": "",
    "uid": null,
    "uuid": "lma://xicx4h64zrrerldg"
}
[2026-03-03 22:51:39] INFO {
    "title": "communiqués",
    "description": "",
    "uid": null,
    "uuid": "lma://spclkp4lxiljibnz"
}
[2026-03-03 22:52:15] INFO {
    "title": "réunions",
    "description": "Les Monteurs associés se réunissent chaque premier mercredi du mois en soirée, sauf exceptions, de septembre à juin, à la cafétéria de la Fémis (6 rue Francœur, 75018 Paris).\n\nVous trouverez sur cette page nos réunions passées ainsi que leurs comptes rendus lorsqu'ils existent.",
    "uuid": "lma://ldmqp0ojzd3hbgne"
}
[2026-03-03 22:52:15] INFO {
    "title": "comptes rendus",
    "description": "",
    "uid": null,
    "uuid": "lma://xvp3hyy4xzs5cyyk"
}
[2026-03-03 22:52:15] INFO {
    "title": "ciné-club",
    "description": "LES MONTEURS DÉ-MONTENT\n\nDepuis 2016, le ciné-club des Monteurs associés propose une rencontre trimestrielle avec un invité (scénariste, réalisateur, monteur, critique...), qui vient nous parler d'un film qui a particulièrement marqué son parcours et sa réflexion sur le montage au cinéma.\n\nCes séances sont une belle occasion de découvrir un film, mais aussi la pensée et le regard d'une personnalité sur notre métier.",
    "uid": null,
    "uuid": "lma://hvefmpe1vxor5nkn"
}
[2026-03-03 22:52:15] INFO {
    "title": "événements",
    "description": "",
    "uid": null,
    "uuid": "lma://vizwpaiuwftryc1h"
}
[2026-03-03 22:52:15] INFO {
    "title": "vie professionnelle",
    "description": "",
    "uid": null,
    "uuid": "lma://xicx4h64zrrerldg"
}
[2026-03-03 22:52:15] INFO {
    "title": "communiqués",
    "description": "",
    "uid": null,
    "uuid": "lma://spclkp4lxiljibnz"
}
